// Jest Snapshot v1, https://goo.gl/fbAQLP

exports[`render correctly text component 1`] = `<defaultView />`;
